ARM Linker, 4.1 [Build 481] [Standard]

==============================================================================

Section Cross References

    main.o(.text) refers to sdrcv.o(.text) for printf_init
    main.o(.text) refers to temp.o(.text) for temp_init
    main.o(.text) refers to printf1.o(i.__0printf$1) for __2printf
    main.o(.text) refers to systick.o(.text) for delay_us
    stm32f10x_it.o(.text) refers to stm32f10x_exti.o(.text) for EXTI_GetITStatus
    stm32f10x_it.o(.text) refers to systick.o(.text) for delay_ms
    stm32f10x_it.o(.text) refers to stm32f10x_gpio.o(.text) for GPIO_ReadInputDataBit
    stm32f10x_it.o(.text) refers to stm32f10x_usart.o(.text) for USART_ClearFlag
    stm32f10x_it.o(.text) refers to stm32f10x_tim.o(.text) for TIM_ClearITPendingBit
    stm32f10x_it.o(.text) refers to stm32f10x_it.o(.data) for k
    system_stm32f10x.o(.text) refers to system_stm32f10x.o(.data) for SystemCoreClock
    startup_stm32f10x_hd.o(RESET) refers to startup_stm32f10x_hd.o(STACK) for __initial_sp
    startup_stm32f10x_hd.o(RESET) refers to startup_stm32f10x_hd.o(.text) for Reset_Handler
    startup_stm32f10x_hd.o(RESET) refers to stm32f10x_it.o(.text) for NMI_Handler
    startup_stm32f10x_hd.o(.text) refers to system_stm32f10x.o(.text) for SystemInit
    startup_stm32f10x_hd.o(.text) refers to entry.o(.ARM.Collect$$$$00000000) for __main
    stm32f10x_gpio.o(.text) refers to stm32f10x_rcc.o(.text) for RCC_APB2PeriphResetCmd
    stm32f10x_rcc.o(.text) refers to stm32f10x_rcc.o(.data) for APBAHBPrescTable
    stm32f10x_usart.o(.text) refers to stm32f10x_rcc.o(.text) for RCC_APB2PeriphResetCmd
    stm32f10x_tim.o(.text) refers to stm32f10x_rcc.o(.text) for RCC_APB2PeriphResetCmd
    led.o(.text) refers to system_stm32f10x.o(.text) for SystemInit
    led.o(.text) refers to stm32f10x_rcc.o(.text) for RCC_APB2PeriphClockCmd
    led.o(.text) refers to stm32f10x_gpio.o(.text) for GPIO_Init
    pwm.o(.text) refers to stm32f10x_rcc.o(.text) for RCC_APB2PeriphClockCmd
    pwm.o(.text) refers to stm32f10x_gpio.o(.text) for GPIO_Init
    pwm.o(.text) refers to stm32f10x_tim.o(.text) for TIM_TimeBaseInit
    rs485.o(.text) refers to stm32f10x_rcc.o(.text) for RCC_APB2PeriphClockCmd
    rs485.o(.text) refers to stm32f10x_gpio.o(.text) for GPIO_Init
    rs485.o(.text) refers to stm32f10x_usart.o(.text) for USART_Init
    rs485.o(.text) refers to misc.o(.text) for NVIC_PriorityGroupConfig
    iic.o(.text) refers to stm32f10x_rcc.o(.text) for RCC_APB2PeriphClockCmd
    iic.o(.text) refers to stm32f10x_gpio.o(.text) for GPIO_Init
    iic.o(.text) refers to systick.o(.text) for delay_us
    at24cxx.o(.text) refers to iic.o(.text) for I2C_Start
    at24cxx.o(.text) refers to systick.o(.text) for delay_ms
    beep.o(.text) refers to system_stm32f10x.o(.text) for SystemInit
    beep.o(.text) refers to stm32f10x_rcc.o(.text) for RCC_APB2PeriphClockCmd
    beep.o(.text) refers to stm32f10x_gpio.o(.text) for GPIO_Init
    beep.o(.text) refers to led.o(.text) for delay
    exti.o(.text) refers to stm32f10x_rcc.o(.text) for RCC_APB2PeriphClockCmd
    exti.o(.text) refers to stm32f10x_gpio.o(.text) for GPIO_Init
    exti.o(.text) refers to stm32f10x_exti.o(.text) for EXTI_Init
    exti.o(.text) refers to misc.o(.text) for NVIC_PriorityGroupConfig
    key.o(.text) refers to system_stm32f10x.o(.text) for SystemInit
    key.o(.text) refers to stm32f10x_rcc.o(.text) for RCC_APB2PeriphClockCmd
    key.o(.text) refers to stm32f10x_gpio.o(.text) for GPIO_Init
    smg.o(.text) refers to stm32f10x_rcc.o(.text) for RCC_APB2PeriphClockCmd
    smg.o(.text) refers to stm32f10x_gpio.o(.text) for GPIO_Init
    smg.o(.text) refers to systick.o(.text) for delay_ms
    smg.o(.text) refers to smg.o(.data) for smgduan
    time.o(.text) refers to stm32f10x_rcc.o(.text) for RCC_APB1PeriphClockCmd
    time.o(.text) refers to stm32f10x_tim.o(.text) for TIM_ClearITPendingBit
    time.o(.text) refers to misc.o(.text) for NVIC_PriorityGroupConfig
    usart.o(.text) refers to stm32f10x_rcc.o(.text) for RCC_APB2PeriphClockCmd
    usart.o(.text) refers to stm32f10x_gpio.o(.text) for GPIO_Init
    usart.o(.text) refers to stm32f10x_usart.o(.text) for USART_Init
    usart.o(.text) refers to misc.o(.text) for NVIC_PriorityGroupConfig
    ds18b20.o(.text) refers to stm32f10x_rcc.o(.text) for RCC_APB2PeriphClockCmd
    ds18b20.o(.text) refers to stm32f10x_gpio.o(.text) for GPIO_Init
    ds18b20.o(.text) refers to systick.o(.text) for delay_us
    ds18b20.o(.text) refers to dfltui.o(.text) for __aeabi_ui2d
    ds18b20.o(.text) refers to dmul.o(.text) for __aeabi_dmul
    temp.o(.text) refers to stm32f10x_rcc.o(.text) for RCC_APB2PeriphClockCmd
    temp.o(.text) refers to stm32f10x_gpio.o(.text) for GPIO_Init
    temp.o(.text) refers to systick.o(.text) for delay_ms
    sdrcv.o(.text) refers to stm32f10x_usart.o(.text) for USART_SendData
    sdrcv.o(.text) refers to stm32f10x_rcc.o(.text) for RCC_APB2PeriphClockCmd
    sdrcv.o(.text) refers to stm32f10x_gpio.o(.text) for GPIO_Init
    sdrcv.o(.text) refers to misc.o(.text) for NVIC_PriorityGroupConfig
    entry.o(.ARM.Collect$$$$00000000) refers (Special) to entry7.o(.ARM.Collect$$$$00000007) for _main_init
    entry.o(.ARM.Collect$$$$00000000) refers (Special) to entry5.o(.ARM.Collect$$$$00000004) for _main_scatterload
    entry.o(.ARM.Collect$$$$00000000) refers (Special) to entry2.o(.ARM.Collect$$$$00000001) for _main_stk
    printfb.o(i.__0fprintf$bare) refers to printfb.o(i._printf_core) for _printf_core
    printfb.o(i.__0fprintf$bare) refers to sdrcv.o(.text) for fputc
    printfb.o(i.__0printf$bare) refers to printfb.o(i._printf_core) for _printf_core
    printfb.o(i.__0printf$bare) refers to sdrcv.o(.text) for fputc
    printfb.o(i.__0printf$bare) refers to stdout.o(.data) for __stdout
    printfb.o(i.__0snprintf$bare) refers to printfb.o(i._printf_core) for _printf_core
    printfb.o(i.__0snprintf$bare) refers to printfb.o(i._snputc) for _snputc
    printfb.o(i.__0sprintf$bare) refers to printfb.o(i._printf_core) for _printf_core
    printfb.o(i.__0sprintf$bare) refers to printfb.o(i._sputc) for _sputc
    printfb.o(i.__0vfprintf$bare) refers to printfb.o(i._printf_core) for _printf_core
    printfb.o(i.__0vfprintf$bare) refers to sdrcv.o(.text) for fputc
    printfb.o(i.__0vprintf$bare) refers to printfb.o(i._printf_core) for _printf_core
    printfb.o(i.__0vprintf$bare) refers to sdrcv.o(.text) for fputc
    printfb.o(i.__0vprintf$bare) refers to stdout.o(.data) for __stdout
    printfb.o(i.__0vsnprintf$bare) refers to printfb.o(i._printf_core) for _printf_core
    printfb.o(i.__0vsnprintf$bare) refers to printfb.o(i._snputc) for _snputc
    printfb.o(i.__0vsprintf$bare) refers to printfb.o(i._printf_core) for _printf_core
    printfb.o(i.__0vsprintf$bare) refers to printfb.o(i._sputc) for _sputc
    printf0.o(i.__0fprintf$0) refers to printf0.o(i._printf_core) for _printf_core
    printf0.o(i.__0fprintf$0) refers to sdrcv.o(.text) for fputc
    printf0.o(i.__0printf$0) refers to printf0.o(i._printf_core) for _printf_core
    printf0.o(i.__0printf$0) refers to sdrcv.o(.text) for fputc
    printf0.o(i.__0printf$0) refers to stdout.o(.data) for __stdout
    printf0.o(i.__0snprintf$0) refers to printf0.o(i._printf_core) for _printf_core
    printf0.o(i.__0snprintf$0) refers to printf0.o(i._snputc) for _snputc
    printf0.o(i.__0sprintf$0) refers to printf0.o(i._printf_core) for _printf_core
    printf0.o(i.__0sprintf$0) refers to printf0.o(i._sputc) for _sputc
    printf0.o(i.__0vfprintf$0) refers to printf0.o(i._printf_core) for _printf_core
    printf0.o(i.__0vfprintf$0) refers to sdrcv.o(.text) for fputc
    printf0.o(i.__0vprintf$0) refers to printf0.o(i._printf_core) for _printf_core
    printf0.o(i.__0vprintf$0) refers to sdrcv.o(.text) for fputc
    printf0.o(i.__0vprintf$0) refers to stdout.o(.data) for __stdout
    printf0.o(i.__0vsnprintf$0) refers to printf0.o(i._printf_core) for _printf_core
    printf0.o(i.__0vsnprintf$0) refers to printf0.o(i._snputc) for _snputc
    printf0.o(i.__0vsprintf$0) refers to printf0.o(i._printf_core) for _printf_core
    printf0.o(i.__0vsprintf$0) refers to printf0.o(i._sputc) for _sputc
    printf1.o(i.__0fprintf$1) refers to printf1.o(i._printf_core) for _printf_core
    printf1.o(i.__0fprintf$1) refers to sdrcv.o(.text) for fputc
    printf1.o(i.__0printf$1) refers to printf1.o(i._printf_core) for _printf_core
    printf1.o(i.__0printf$1) refers to sdrcv.o(.text) for fputc
    printf1.o(i.__0printf$1) refers to stdout.o(.data) for __stdout
    printf1.o(i.__0snprintf$1) refers to printf1.o(i._printf_core) for _printf_core
    printf1.o(i.__0snprintf$1) refers to printf1.o(i._snputc) for _snputc
    printf1.o(i.__0sprintf$1) refers to printf1.o(i._printf_core) for _printf_core
    printf1.o(i.__0sprintf$1) refers to printf1.o(i._sputc) for _sputc
    printf1.o(i.__0vfprintf$1) refers to printf1.o(i._printf_core) for _printf_core
    printf1.o(i.__0vfprintf$1) refers to sdrcv.o(.text) for fputc
    printf1.o(i.__0vprintf$1) refers to printf1.o(i._printf_core) for _printf_core
    printf1.o(i.__0vprintf$1) refers to sdrcv.o(.text) for fputc
    printf1.o(i.__0vprintf$1) refers to stdout.o(.data) for __stdout
    printf1.o(i.__0vsnprintf$1) refers to printf1.o(i._printf_core) for _printf_core
    printf1.o(i.__0vsnprintf$1) refers to printf1.o(i._snputc) for _snputc
    printf1.o(i.__0vsprintf$1) refers to printf1.o(i._printf_core) for _printf_core
    printf1.o(i.__0vsprintf$1) refers to printf1.o(i._sputc) for _sputc
    printf1.o(i._printf_core) refers to uidiv.o(.text) for __aeabi_uidivmod
    printf2.o(i.__0fprintf$2) refers to printf2.o(i._printf_core) for _printf_core
    printf2.o(i.__0fprintf$2) refers to sdrcv.o(.text) for fputc
    printf2.o(i.__0printf$2) refers to printf2.o(i._printf_core) for _printf_core
    printf2.o(i.__0printf$2) refers to sdrcv.o(.text) for fputc
    printf2.o(i.__0printf$2) refers to stdout.o(.data) for __stdout
    printf2.o(i.__0snprintf$2) refers to printf2.o(i._printf_core) for _printf_core
    printf2.o(i.__0snprintf$2) refers to printf2.o(i._snputc) for _snputc
    printf2.o(i.__0sprintf$2) refers to printf2.o(i._printf_core) for _printf_core
    printf2.o(i.__0sprintf$2) refers to printf2.o(i._sputc) for _sputc
    printf2.o(i.__0vfprintf$2) refers to printf2.o(i._printf_core) for _printf_core
    printf2.o(i.__0vfprintf$2) refers to sdrcv.o(.text) for fputc
    printf2.o(i.__0vprintf$2) refers to printf2.o(i._printf_core) for _printf_core
    printf2.o(i.__0vprintf$2) refers to sdrcv.o(.text) for fputc
    printf2.o(i.__0vprintf$2) refers to stdout.o(.data) for __stdout
    printf2.o(i.__0vsnprintf$2) refers to printf2.o(i._printf_core) for _printf_core
    printf2.o(i.__0vsnprintf$2) refers to printf2.o(i._snputc) for _snputc
    printf2.o(i.__0vsprintf$2) refers to printf2.o(i._printf_core) for _printf_core
    printf2.o(i.__0vsprintf$2) refers to printf2.o(i._sputc) for _sputc
    printf3.o(i.__0fprintf$3) refers to printf3.o(i._printf_core) for _printf_core
    printf3.o(i.__0fprintf$3) refers to sdrcv.o(.text) for fputc
    printf3.o(i.__0printf$3) refers to printf3.o(i._printf_core) for _printf_core
    printf3.o(i.__0printf$3) refers to sdrcv.o(.text) for fputc
    printf3.o(i.__0printf$3) refers to stdout.o(.data) for __stdout
    printf3.o(i.__0snprintf$3) refers to printf3.o(i._printf_core) for _printf_core
    printf3.o(i.__0snprintf$3) refers to printf3.o(i._snputc) for _snputc
    printf3.o(i.__0sprintf$3) refers to printf3.o(i._printf_core) for _printf_core
    printf3.o(i.__0sprintf$3) refers to printf3.o(i._sputc) for _sputc
    printf3.o(i.__0vfprintf$3) refers to printf3.o(i._printf_core) for _printf_core
    printf3.o(i.__0vfprintf$3) refers to sdrcv.o(.text) for fputc
    printf3.o(i.__0vprintf$3) refers to printf3.o(i._printf_core) for _printf_core
    printf3.o(i.__0vprintf$3) refers to sdrcv.o(.text) for fputc
    printf3.o(i.__0vprintf$3) refers to stdout.o(.data) for __stdout
    printf3.o(i.__0vsnprintf$3) refers to printf3.o(i._printf_core) for _printf_core
    printf3.o(i.__0vsnprintf$3) refers to printf3.o(i._snputc) for _snputc
    printf3.o(i.__0vsprintf$3) refers to printf3.o(i._printf_core) for _printf_core
    printf3.o(i.__0vsprintf$3) refers to printf3.o(i._sputc) for _sputc
    printf3.o(i._printf_core) refers to uidiv.o(.text) for __aeabi_uidivmod
    printf4.o(i.__0fprintf$4) refers to printf4.o(i._printf_core) for _printf_core
    printf4.o(i.__0fprintf$4) refers to sdrcv.o(.text) for fputc
    printf4.o(i.__0printf$4) refers to printf4.o(i._printf_core) for _printf_core
    printf4.o(i.__0printf$4) refers to sdrcv.o(.text) for fputc
    printf4.o(i.__0printf$4) refers to stdout.o(.data) for __stdout
    printf4.o(i.__0snprintf$4) refers to printf4.o(i._printf_core) for _printf_core
    printf4.o(i.__0snprintf$4) refers to printf4.o(i._snputc) for _snputc
    printf4.o(i.__0sprintf$4) refers to printf4.o(i._printf_core) for _printf_core
    printf4.o(i.__0sprintf$4) refers to printf4.o(i._sputc) for _sputc
    printf4.o(i.__0vfprintf$4) refers to printf4.o(i._printf_core) for _printf_core
    printf4.o(i.__0vfprintf$4) refers to sdrcv.o(.text) for fputc
    printf4.o(i.__0vprintf$4) refers to printf4.o(i._printf_core) for _printf_core
    printf4.o(i.__0vprintf$4) refers to sdrcv.o(.text) for fputc
    printf4.o(i.__0vprintf$4) refers to stdout.o(.data) for __stdout
    printf4.o(i.__0vsnprintf$4) refers to printf4.o(i._printf_core) for _printf_core
    printf4.o(i.__0vsnprintf$4) refers to printf4.o(i._snputc) for _snputc
    printf4.o(i.__0vsprintf$4) refers to printf4.o(i._printf_core) for _printf_core
    printf4.o(i.__0vsprintf$4) refers to printf4.o(i._sputc) for _sputc
    printf4.o(i._printf_core) refers to uldiv.o(.text) for __aeabi_uldivmod
    printf5.o(i.__0fprintf$5) refers to printf5.o(i._printf_core) for _printf_core
    printf5.o(i.__0fprintf$5) refers to sdrcv.o(.text) for fputc
    printf5.o(i.__0printf$5) refers to printf5.o(i._printf_core) for _printf_core
    printf5.o(i.__0printf$5) refers to sdrcv.o(.text) for fputc
    printf5.o(i.__0printf$5) refers to stdout.o(.data) for __stdout
    printf5.o(i.__0snprintf$5) refers to printf5.o(i._printf_core) for _printf_core
    printf5.o(i.__0snprintf$5) refers to printf5.o(i._snputc) for _snputc
    printf5.o(i.__0sprintf$5) refers to printf5.o(i._printf_core) for _printf_core
    printf5.o(i.__0sprintf$5) refers to printf5.o(i._sputc) for _sputc
    printf5.o(i.__0vfprintf$5) refers to printf5.o(i._printf_core) for _printf_core
    printf5.o(i.__0vfprintf$5) refers to sdrcv.o(.text) for fputc
    printf5.o(i.__0vprintf$5) refers to printf5.o(i._printf_core) for _printf_core
    printf5.o(i.__0vprintf$5) refers to sdrcv.o(.text) for fputc
    printf5.o(i.__0vprintf$5) refers to stdout.o(.data) for __stdout
    printf5.o(i.__0vsnprintf$5) refers to printf5.o(i._printf_core) for _printf_core
    printf5.o(i.__0vsnprintf$5) refers to printf5.o(i._snputc) for _snputc
    printf5.o(i.__0vsprintf$5) refers to printf5.o(i._printf_core) for _printf_core
    printf5.o(i.__0vsprintf$5) refers to printf5.o(i._sputc) for _sputc
    printf5.o(i._printf_core) refers to uldiv.o(.text) for __aeabi_uldivmod
    printf6.o(i.__0fprintf$6) refers to printf6.o(i._printf_core) for _printf_core
    printf6.o(i.__0fprintf$6) refers to sdrcv.o(.text) for fputc
    printf6.o(i.__0printf$6) refers to printf6.o(i._printf_core) for _printf_core
    printf6.o(i.__0printf$6) refers to sdrcv.o(.text) for fputc
    printf6.o(i.__0printf$6) refers to stdout.o(.data) for __stdout
    printf6.o(i.__0snprintf$6) refers to printf6.o(i._printf_core) for _printf_core
    printf6.o(i.__0snprintf$6) refers to printf6.o(i._snputc) for _snputc
    printf6.o(i.__0sprintf$6) refers to printf6.o(i._printf_core) for _printf_core
    printf6.o(i.__0sprintf$6) refers to printf6.o(i._sputc) for _sputc
    printf6.o(i.__0vfprintf$6) refers to printf6.o(i._printf_core) for _printf_core
    printf6.o(i.__0vfprintf$6) refers to sdrcv.o(.text) for fputc
    printf6.o(i.__0vprintf$6) refers to printf6.o(i._printf_core) for _printf_core
    printf6.o(i.__0vprintf$6) refers to sdrcv.o(.text) for fputc
    printf6.o(i.__0vprintf$6) refers to stdout.o(.data) for __stdout
    printf6.o(i.__0vsnprintf$6) refers to printf6.o(i._printf_core) for _printf_core
    printf6.o(i.__0vsnprintf$6) refers to printf6.o(i._snputc) for _snputc
    printf6.o(i.__0vsprintf$6) refers to printf6.o(i._printf_core) for _printf_core
    printf6.o(i.__0vsprintf$6) refers to printf6.o(i._sputc) for _sputc
    printf6.o(i._printf_core) refers to printf6.o(i._printf_pre_padding) for _printf_pre_padding
    printf6.o(i._printf_core) refers to uidiv.o(.text) for __aeabi_uidivmod
    printf6.o(i._printf_core) refers to printf6.o(i._printf_post_padding) for _printf_post_padding
    printf7.o(i.__0fprintf$7) refers to printf7.o(i._printf_core) for _printf_core
    printf7.o(i.__0fprintf$7) refers to sdrcv.o(.text) for fputc
    printf7.o(i.__0printf$7) refers to printf7.o(i._printf_core) for _printf_core
    printf7.o(i.__0printf$7) refers to sdrcv.o(.text) for fputc
    printf7.o(i.__0printf$7) refers to stdout.o(.data) for __stdout
    printf7.o(i.__0snprintf$7) refers to printf7.o(i._printf_core) for _printf_core
    printf7.o(i.__0snprintf$7) refers to printf7.o(i._snputc) for _snputc
    printf7.o(i.__0sprintf$7) refers to printf7.o(i._printf_core) for _printf_core
    printf7.o(i.__0sprintf$7) refers to printf7.o(i._sputc) for _sputc
    printf7.o(i.__0vfprintf$7) refers to printf7.o(i._printf_core) for _printf_core
    printf7.o(i.__0vfprintf$7) refers to sdrcv.o(.text) for fputc
    printf7.o(i.__0vprintf$7) refers to printf7.o(i._printf_core) for _printf_core
    printf7.o(i.__0vprintf$7) refers to sdrcv.o(.text) for fputc
    printf7.o(i.__0vprintf$7) refers to stdout.o(.data) for __stdout
    printf7.o(i.__0vsnprintf$7) refers to printf7.o(i._printf_core) for _printf_core
    printf7.o(i.__0vsnprintf$7) refers to printf7.o(i._snputc) for _snputc
    printf7.o(i.__0vsprintf$7) refers to printf7.o(i._printf_core) for _printf_core
    printf7.o(i.__0vsprintf$7) refers to printf7.o(i._sputc) for _sputc
    printf7.o(i._printf_core) refers to printf7.o(i._printf_pre_padding) for _printf_pre_padding
    printf7.o(i._printf_core) refers to uldiv.o(.text) for __aeabi_uldivmod
    printf7.o(i._printf_core) refers to printf7.o(i._printf_post_padding) for _printf_post_padding
    printf8.o(i.__0fprintf$8) refers to printf8.o(i._printf_core) for _printf_core
    printf8.o(i.__0fprintf$8) refers to sdrcv.o(.text) for fputc
    printf8.o(i.__0printf$8) refers to printf8.o(i._printf_core) for _printf_core
    printf8.o(i.__0printf$8) refers to sdrcv.o(.text) for fputc
    printf8.o(i.__0printf$8) refers to stdout.o(.data) for __stdout
    printf8.o(i.__0snprintf$8) refers to printf8.o(i._printf_core) for _printf_core
    printf8.o(i.__0snprintf$8) refers to printf8.o(i._snputc) for _snputc
    printf8.o(i.__0sprintf$8) refers to printf8.o(i._printf_core) for _printf_core
    printf8.o(i.__0sprintf$8) refers to printf8.o(i._sputc) for _sputc
    printf8.o(i.__0vfprintf$8) refers to printf8.o(i._printf_core) for _printf_core
    printf8.o(i.__0vfprintf$8) refers to sdrcv.o(.text) for fputc
    printf8.o(i.__0vprintf$8) refers to printf8.o(i._printf_core) for _printf_core
    printf8.o(i.__0vprintf$8) refers to sdrcv.o(.text) for fputc
    printf8.o(i.__0vprintf$8) refers to stdout.o(.data) for __stdout
    printf8.o(i.__0vsnprintf$8) refers to printf8.o(i._printf_core) for _printf_core
    printf8.o(i.__0vsnprintf$8) refers to printf8.o(i._snputc) for _snputc
    printf8.o(i.__0vsprintf$8) refers to printf8.o(i._printf_core) for _printf_core
    printf8.o(i.__0vsprintf$8) refers to printf8.o(i._sputc) for _sputc
    printf8.o(i._printf_core) refers to printf8.o(i._printf_pre_padding) for _printf_pre_padding
    printf8.o(i._printf_core) refers to uldiv.o(.text) for __aeabi_uldivmod
    printf8.o(i._printf_core) refers to printf8.o(i._printf_post_padding) for _printf_post_padding
    printfa.o(i.__0fprintf) refers (Special) to iusefp.o(.text) for __I$use$fp
    printfa.o(i.__0fprintf) refers to printfa.o(i._printf_core) for _printf_core
    printfa.o(i.__0fprintf) refers to sdrcv.o(.text) for fputc
    printfa.o(i.__0printf) refers (Special) to iusefp.o(.text) for __I$use$fp
    printfa.o(i.__0printf) refers to printfa.o(i._printf_core) for _printf_core
    printfa.o(i.__0printf) refers to sdrcv.o(.text) for fputc
    printfa.o(i.__0printf) refers to stdout.o(.data) for __stdout
    printfa.o(i.__0snprintf) refers (Special) to iusefp.o(.text) for __I$use$fp
    printfa.o(i.__0snprintf) refers to printfa.o(i._printf_core) for _printf_core
    printfa.o(i.__0snprintf) refers to printfa.o(i._snputc) for _snputc
    printfa.o(i.__0sprintf) refers (Special) to iusefp.o(.text) for __I$use$fp
    printfa.o(i.__0sprintf) refers to printfa.o(i._printf_core) for _printf_core
    printfa.o(i.__0sprintf) refers to printfa.o(i._sputc) for _sputc
    printfa.o(i.__0vfprintf) refers (Special) to iusefp.o(.text) for __I$use$fp
    printfa.o(i.__0vfprintf) refers to printfa.o(i._printf_core) for _printf_core
    printfa.o(i.__0vfprintf) refers to sdrcv.o(.text) for fputc
    printfa.o(i.__0vprintf) refers (Special) to iusefp.o(.text) for __I$use$fp
    printfa.o(i.__0vprintf) refers to printfa.o(i._printf_core) for _printf_core
    printfa.o(i.__0vprintf) refers to sdrcv.o(.text) for fputc
    printfa.o(i.__0vprintf) refers to stdout.o(.data) for __stdout
    printfa.o(i.__0vsnprintf) refers (Special) to iusefp.o(.text) for __I$use$fp
    printfa.o(i.__0vsnprintf) refers to printfa.o(i._printf_core) for _printf_core
    printfa.o(i.__0vsnprintf) refers to printfa.o(i._snputc) for _snputc
    printfa.o(i.__0vsprintf) refers (Special) to iusefp.o(.text) for __I$use$fp
    printfa.o(i.__0vsprintf) refers to printfa.o(i._printf_core) for _printf_core
    printfa.o(i.__0vsprintf) refers to printfa.o(i._sputc) for _sputc
    printfa.o(i._fp_digits) refers (Special) to iusefp.o(.text) for __I$use$fp
    printfa.o(i._fp_digits) refers to dmul.o(.text) for __aeabi_dmul
    printfa.o(i._fp_digits) refers to ddiv.o(.text) for __aeabi_ddiv
    printfa.o(i._fp_digits) refers to cdrcmple.o(.text) for __aeabi_cdrcmple
    printfa.o(i._fp_digits) refers to dadd.o(.text) for __aeabi_dadd
    printfa.o(i._fp_digits) refers to dfixul.o(.text) for __aeabi_d2ulz
    printfa.o(i._fp_digits) refers to uldiv.o(.text) for __aeabi_uldivmod
    printfa.o(i._printf_core) refers (Special) to iusefp.o(.text) for __I$use$fp
    printfa.o(i._printf_core) refers to printfa.o(i._printf_pre_padding) for _printf_pre_padding
    printfa.o(i._printf_core) refers to uldiv.o(.text) for __aeabi_uldivmod
    printfa.o(i._printf_core) refers to printfa.o(i._printf_post_padding) for _printf_post_padding
    printfa.o(i._printf_core) refers to printfa.o(i._fp_digits) for _fp_digits
    printfa.o(i._printf_core) refers to uidiv.o(.text) for __aeabi_uidivmod
    printfa.o(i._printf_post_padding) refers (Special) to iusefp.o(.text) for __I$use$fp
    printfa.o(i._printf_pre_padding) refers (Special) to iusefp.o(.text) for __I$use$fp
    printfa.o(i._snputc) refers (Special) to iusefp.o(.text) for __I$use$fp
    printfa.o(i._sputc) refers (Special) to iusefp.o(.text) for __I$use$fp
    dmul.o(.text) refers (Special) to iusefp.o(.text) for __I$use$fp
    dmul.o(.text) refers to depilogue.o(.text) for _double_epilogue
    dfltui.o(.text) refers (Special) to iusefp.o(.text) for __I$use$fp
    dfltui.o(.text) refers to depilogue.o(.text) for _double_epilogue
    entry2.o(.ARM.Collect$$$$00000001) refers to entry2.o(.ARM.Collect$$$$00002712) for __lit__00000000
    entry2.o(.ARM.Collect$$$$00002712) refers to startup_stm32f10x_hd.o(STACK) for __initial_sp
    entry2.o(__vectab_stack_and_reset_area) refers to startup_stm32f10x_hd.o(STACK) for __initial_sp
    entry2.o(__vectab_stack_and_reset_area) refers to entry.o(.ARM.Collect$$$$00000000) for __main
    entry5.o(.ARM.Collect$$$$00000004) refers to init.o(.text) for __scatterload
    entry7.o(.ARM.Collect$$$$00000007) refers to main.o(.text) for main
    uldiv.o(.text) refers to llushr.o(.text) for __aeabi_llsr
    uldiv.o(.text) refers to llshl.o(.text) for __aeabi_llsl
    depilogue.o(.text) refers to llshl.o(.text) for __aeabi_llsl
    depilogue.o(.text) refers to llushr.o(.text) for __aeabi_llsr
    dadd.o(.text) refers to llshl.o(.text) for __aeabi_llsl
    dadd.o(.text) refers to llsshr.o(.text) for __aeabi_lasr
    dadd.o(.text) refers to depilogue.o(.text) for _double_epilogue
    ddiv.o(.text) refers to depilogue.o(.text) for _double_round
    dfixul.o(.text) refers to llushr.o(.text) for __aeabi_llsr
    dfixul.o(.text) refers to llshl.o(.text) for __aeabi_llsl
    init.o(.text) refers to entry5.o(.ARM.Collect$$$$00000004) for __main_after_scatterload


==============================================================================

Removing Unused input sections from the image.

    Removing core_cm3.o(.emb_text), (32 bytes).
    Removing startup_stm32f10x_hd.o(HEAP), (512 bytes).
    Removing led.o(.text), (236 bytes).
    Removing pwm.o(.text), (152 bytes).
    Removing rs485.o(.text), (220 bytes).
    Removing iic.o(.text), (640 bytes).
    Removing at24cxx.o(.text), (360 bytes).
    Removing beep.o(.text), (144 bytes).
    Removing exti.o(.text), (124 bytes).
    Removing key.o(.text), (84 bytes).
    Removing smg.o(.text), (84 bytes).
    Removing smg.o(.data), (16 bytes).
    Removing time.o(.text), (112 bytes).
    Removing usart.o(.text), (192 bytes).
    Removing ds18b20.o(.text), (472 bytes).
    Removing dmul.o(.text), (226 bytes).
    Removing dfltui.o(.text), (26 bytes).
    Removing depilogue.o(.text), (194 bytes).
    Removing dadd.o(.text), (330 bytes).
    Removing ddiv.o(.text), (222 bytes).
    Removing dfixul.o(.text), (48 bytes).
    Removing cdrcmple.o(.text), (40 bytes).

22 unused section(s) (total 4466 bytes) removed from the image.

==============================================================================

Image Symbol Table

    Local Symbols

    Symbol Name                              Value     Ov Type        Size  Object(Section)

    ../../microlib/division.c                0x00000000   Number         0  uldiv.o ABSOLUTE
    ../../microlib/division.c                0x00000000   Number         0  uidiv.o ABSOLUTE
    ../../microlib/fpadd.c                   0x00000000   Number         0  dadd.o ABSOLUTE
    ../../microlib/fpdiv.c                   0x00000000   Number         0  ddiv.o ABSOLUTE
    ../../microlib/fpepilogue.c              0x00000000   Number         0  depilogue.o ABSOLUTE
    ../../microlib/fpfix.c                   0x00000000   Number         0  dfixul.o ABSOLUTE
    ../../microlib/fpflt.c                   0x00000000   Number         0  dfltui.o ABSOLUTE
    ../../microlib/fpmul.c                   0x00000000   Number         0  dmul.o ABSOLUTE
    ../../microlib/init/entry.s              0x00000000   Number         0  entry7.o ABSOLUTE
    ../../microlib/init/entry.s              0x00000000   Number         0  entry5.o ABSOLUTE
    ../../microlib/init/entry.s              0x00000000   Number         0  entry.o ABSOLUTE
    ../../microlib/init/entry.s              0x00000000   Number         0  entry2.o ABSOLUTE
    ../../microlib/longlong.c                0x00000000   Number         0  llsshr.o ABSOLUTE
    ../../microlib/longlong.c                0x00000000   Number         0  llushr.o ABSOLUTE
    ../../microlib/longlong.c                0x00000000   Number         0  llshl.o ABSOLUTE
    ../../microlib/printf/printf.c           0x00000000   Number         0  printf4.o ABSOLUTE
    ../../microlib/printf/printf.c           0x00000000   Number         0  printf3.o ABSOLUTE
    ../../microlib/printf/printf.c           0x00000000   Number         0  printf1.o ABSOLUTE
    ../../microlib/printf/printf.c           0x00000000   Number         0  printf2.o ABSOLUTE
    ../../microlib/printf/printf.c           0x00000000   Number         0  printfb.o ABSOLUTE
    ../../microlib/printf/printf.c           0x00000000   Number         0  printf0.o ABSOLUTE
    ../../microlib/printf/printf.c           0x00000000   Number         0  printfa.o ABSOLUTE
    ../../microlib/printf/printf.c           0x00000000   Number         0  printf8.o ABSOLUTE
    ../../microlib/printf/printf.c           0x00000000   Number         0  printf7.o ABSOLUTE
    ../../microlib/printf/printf.c           0x00000000   Number         0  printf6.o ABSOLUTE
    ../../microlib/printf/printf.c           0x00000000   Number         0  printf5.o ABSOLUTE
    ../../microlib/printf/stubs.s            0x00000000   Number         0  stubs.o ABSOLUTE
    ../../microlib/stdio/streams.c           0x00000000   Number         0  stdout.o ABSOLUTE
    ../../microlib/stubs.s                   0x00000000   Number         0  iusefp.o ABSOLUTE
    APP\AT24Cxx\AT24CXX.c                    0x00000000   Number         0  at24cxx.o ABSOLUTE
    APP\DS18B20\ds18b20.c                    0x00000000   Number         0  ds18b20.o ABSOLUTE
    APP\IIC(24C02)\iic.c                     0x00000000   Number         0  iic.o ABSOLUTE
    APP\LED\led.c                            0x00000000   Number         0  led.o ABSOLUTE
    APP\PWM\pwm.c                            0x00000000   Number         0  pwm.o ABSOLUTE
    APP\RS485\rs485.c                        0x00000000   Number         0  rs485.o ABSOLUTE
    APP\SysTick\systick.c                    0x00000000   Number         0  systick.o ABSOLUTE
    APP\beep\beep.c                          0x00000000   Number         0  beep.o ABSOLUTE
    APP\exit\exti.c                          0x00000000   Number         0  exti.o ABSOLUTE
    APP\key\key.c                            0x00000000   Number         0  key.o ABSOLUTE
    APP\sdrcv\sdrcv.c                        0x00000000   Number         0  sdrcv.o ABSOLUTE
    APP\seg\smg.c                            0x00000000   Number         0  smg.o ABSOLUTE
    APP\temp\temp.c                          0x00000000   Number         0  temp.o ABSOLUTE
    APP\time\time.c                          0x00000000   Number         0  time.o ABSOLUTE
    APP\usart\usart.c                        0x00000000   Number         0  usart.o ABSOLUTE
    Libraries\CMSIS\CM3\CoreSupport\core_cm3.c 0x00000000   Number         0  core_cm3.o ABSOLUTE
    Libraries\CMSIS\CM3\DeviceSupport\ST\STM32F10x\system_stm32f10x.c 0x00000000   Number         0  system_stm32f10x.o ABSOLUTE
    Libraries\STM32F10x_StdPeriph_Driver\src\misc.c 0x00000000   Number         0  misc.o ABSOLUTE
    Libraries\STM32F10x_StdPeriph_Driver\src\stm32f10x_exti.c 0x00000000   Number         0  stm32f10x_exti.o ABSOLUTE
    Libraries\STM32F10x_StdPeriph_Driver\src\stm32f10x_gpio.c 0x00000000   Number         0  stm32f10x_gpio.o ABSOLUTE
    Libraries\STM32F10x_StdPeriph_Driver\src\stm32f10x_rcc.c 0x00000000   Number         0  stm32f10x_rcc.o ABSOLUTE
    Libraries\STM32F10x_StdPeriph_Driver\src\stm32f10x_tim.c 0x00000000   Number         0  stm32f10x_tim.o ABSOLUTE
    Libraries\STM32F10x_StdPeriph_Driver\src\stm32f10x_usart.c 0x00000000   Number         0  stm32f10x_usart.o ABSOLUTE
    Libraries\\CMSIS\\CM3\\CoreSupport\\core_cm3.c 0x00000000   Number         0  core_cm3.o ABSOLUTE
    cdrcmple.s                               0x00000000   Number         0  cdrcmple.o ABSOLUTE
    dc.s                                     0x00000000   Number         0  dc.o ABSOLUTE
    handlers.s                               0x00000000   Number         0  handlers.o ABSOLUTE
    init.s                                   0x00000000   Number         0  init.o ABSOLUTE
    startup\startup_stm32f10x_hd.s           0x00000000   Number         0  startup_stm32f10x_hd.o ABSOLUTE
    user\main.c                              0x00000000   Number         0  main.o ABSOLUTE
    user\public.c                            0x00000000   Number         0  public.o ABSOLUTE
    user\stm32f10x_it.c                      0x00000000   Number         0  stm32f10x_it.o ABSOLUTE
    RESET                                    0x08000000   Section      304  startup_stm32f10x_hd.o(RESET)
    .ARM.Collect$$$$00000000                 0x08000130   Section        0  entry.o(.ARM.Collect$$$$00000000)
    .ARM.Collect$$$$00000001                 0x08000130   Section        4  entry2.o(.ARM.Collect$$$$00000001)
    .ARM.Collect$$$$00000004                 0x08000134   Section        4  entry5.o(.ARM.Collect$$$$00000004)
    .ARM.Collect$$$$00000007                 0x08000138   Section        8  entry7.o(.ARM.Collect$$$$00000007)
    .ARM.Collect$$$$00002712                 0x08000140   Section        4  entry2.o(.ARM.Collect$$$$00002712)
    __lit__00000000                          0x08000140   Data           4  entry2.o(.ARM.Collect$$$$00002712)
    .text                                    0x08000144   Section        0  main.o(.text)
    .text                                    0x08000200   Section        0  stm32f10x_it.o(.text)
    .text                                    0x08000324   Section        0  system_stm32f10x.o(.text)
    SetSysClockTo72                          0x08000325   Thumb Code   192  system_stm32f10x.o(.text)
    SetSysClock                              0x080003e5   Thumb Code     8  system_stm32f10x.o(.text)
    .text                                    0x080004ec   Section       36  startup_stm32f10x_hd.o(.text)
    .text                                    0x08000510   Section        0  stm32f10x_gpio.o(.text)
    .text                                    0x08000868   Section        0  stm32f10x_rcc.o(.text)
    .text                                    0x08000c0c   Section        0  stm32f10x_usart.o(.text)
    .text                                    0x08001018   Section        0  misc.o(.text)
    .text                                    0x08001110   Section        0  stm32f10x_exti.o(.text)
    .text                                    0x0800124c   Section        0  stm32f10x_tim.o(.text)
    TI4_Config                               0x080016d5   Thumb Code   118  stm32f10x_tim.o(.text)
    TI3_Config                               0x0800175d   Thumb Code   114  stm32f10x_tim.o(.text)
    TI2_Config                               0x080017e5   Thumb Code   118  stm32f10x_tim.o(.text)
    TI1_Config                               0x0800186d   Thumb Code   106  stm32f10x_tim.o(.text)
    .text                                    0x08001ffa   Section        0  systick.o(.text)
    .text                                    0x08002064   Section        0  temp.o(.text)
    .text                                    0x08002180   Section        0  sdrcv.o(.text)
    .text                                    0x0800227c   Section        0  uidiv.o(.text)
    .text                                    0x080022a8   Section       36  init.o(.text)
    i.__0printf$1                            0x080022cc   Section        0  printf1.o(i.__0printf$1)
    i.__scatterload_copy                     0x080022ec   Section       14  handlers.o(i.__scatterload_copy)
    i.__scatterload_null                     0x080022fa   Section        2  handlers.o(i.__scatterload_null)
    i.__scatterload_zeroinit                 0x080022fc   Section       14  handlers.o(i.__scatterload_zeroinit)
    i._printf_core                           0x0800230c   Section        0  printf1.o(i._printf_core)
    _printf_core                             0x0800230d   Thumb Code   334  printf1.o(i._printf_core)
    .data                                    0x20000000   Section        2  stm32f10x_it.o(.data)
    k                                        0x20000000   Data           1  stm32f10x_it.o(.data)
    k                                        0x20000001   Data           1  stm32f10x_it.o(.data)
    .data                                    0x20000004   Section       20  system_stm32f10x.o(.data)
    .data                                    0x20000018   Section       20  stm32f10x_rcc.o(.data)
    APBAHBPrescTable                         0x20000018   Data          16  stm32f10x_rcc.o(.data)
    ADCPrescTable                            0x20000028   Data           4  stm32f10x_rcc.o(.data)
    .data                                    0x2000002c   Section        4  stdout.o(.data)
    STACK                                    0x20000030   Section     1024  startup_stm32f10x_hd.o(STACK)

    Global Symbols

    Symbol Name                              Value     Ov Type        Size  Object(Section)

    BuildAttributes$$THM_ISAv4$P$D$K$B$S$PE$A:L22UL41UL21$X:L11$S22US41US21$IEEE1$IW$USESV6$~STKCKD$USESV7$~SHL$OSPACE$ROPI$EBA8$MICROLIB$REQ8$PRES8$EABIv2 0x00000000   Number         0  anon$$obj.o ABSOLUTE
    __ARM_use_no_argv                        0x00000000   Number         0  main.o ABSOLUTE
    _printf_a                                0x00000000   Number         0  stubs.o ABSOLUTE
    _printf_c                                0x00000000   Number         0  stubs.o ABSOLUTE
    _printf_charcount                        0x00000000   Number         0  stubs.o ABSOLUTE
    _printf_d                                0x00000000   Number         0  stubs.o ABSOLUTE
    _printf_e                                0x00000000   Number         0  stubs.o ABSOLUTE
    _printf_f                                0x00000000   Number         0  stubs.o ABSOLUTE
    _printf_flags                            0x00000000   Number         0  stubs.o ABSOLUTE
    _printf_fp_dec                           0x00000000   Number         0  stubs.o ABSOLUTE
    _printf_fp_hex                           0x00000000   Number         0  stubs.o ABSOLUTE
    _printf_g                                0x00000000   Number         0  stubs.o ABSOLUTE
    _printf_i                                0x00000000   Number         0  stubs.o ABSOLUTE
    _printf_int_dec                          0x00000000   Number         0  stubs.o ABSOLUTE
    _printf_l                                0x00000000   Number         0  stubs.o ABSOLUTE
    _printf_lc                               0x00000000   Number         0  stubs.o ABSOLUTE
    _printf_ll                               0x00000000   Number         0  stubs.o ABSOLUTE
    _printf_lld                              0x00000000   Number         0  stubs.o ABSOLUTE
    _printf_lli                              0x00000000   Number         0  stubs.o ABSOLUTE
    _printf_llo                              0x00000000   Number         0  stubs.o ABSOLUTE
    _printf_llu                              0x00000000   Number         0  stubs.o ABSOLUTE
    _printf_llx                              0x00000000   Number         0  stubs.o ABSOLUTE
    _printf_longlong_dec                     0x00000000   Number         0  stubs.o ABSOLUTE
    _printf_longlong_hex                     0x00000000   Number         0  stubs.o ABSOLUTE
    _printf_longlong_oct                     0x00000000   Number         0  stubs.o ABSOLUTE
    _printf_ls                               0x00000000   Number         0  stubs.o ABSOLUTE
    _printf_mbtowc                           0x00000000   Number         0  stubs.o ABSOLUTE
    _printf_n                                0x00000000   Number         0  stubs.o ABSOLUTE
    _printf_o                                0x00000000   Number         0  stubs.o ABSOLUTE
    _printf_p                                0x00000000   Number         0  stubs.o ABSOLUTE
    _printf_percent                          0x00000000   Number         0  stubs.o ABSOLUTE
    _printf_pre_padding                      0x00000000   Number         0  stubs.o ABSOLUTE
    _printf_return_value                     0x00000000   Number         0  stubs.o ABSOLUTE
    _printf_s                                0x00000000   Number         0  stubs.o ABSOLUTE
    _printf_sizespec                         0x00000000   Number         0  stubs.o ABSOLUTE
    _printf_str                              0x00000000   Number         0  stubs.o ABSOLUTE
    _printf_truncate_signed                  0x00000000   Number         0  stubs.o ABSOLUTE
    _printf_truncate_unsigned                0x00000000   Number         0  stubs.o ABSOLUTE
    _printf_u                                0x00000000   Number         0  stubs.o ABSOLUTE
    _printf_wc                               0x00000000   Number         0  stubs.o ABSOLUTE
    _printf_wctomb                           0x00000000   Number         0  stubs.o ABSOLUTE
    _printf_widthprec                        0x00000000   Number         0  stubs.o ABSOLUTE
    _printf_x                                0x00000000   Number         0  stubs.o ABSOLUTE
    __decompress                              - Undefined Weak Reference
    __Vectors_Size                           0x00000130   Number         0  startup_stm32f10x_hd.o ABSOLUTE
    __Vectors                                0x08000000   Data           4  startup_stm32f10x_hd.o(RESET)
    __Vectors_End                            0x08000130   Data           0  startup_stm32f10x_hd.o(RESET)
    __main                                   0x08000131   Thumb Code     0  entry.o(.ARM.Collect$$$$00000000)
    _main_stk                                0x08000131   Thumb Code     0  entry2.o(.ARM.Collect$$$$00000001)
    _main_scatterload                        0x08000135   Thumb Code     0  entry5.o(.ARM.Collect$$$$00000004)
    __main_after_scatterload                 0x08000139   Thumb Code     0  entry5.o(.ARM.Collect$$$$00000004)
    _main_init                               0x08000139   Thumb Code     0  entry7.o(.ARM.Collect$$$$00000007)
    main                                     0x08000145   Thumb Code   102  main.o(.text)
    NMI_Handler                              0x08000201   Thumb Code     2  stm32f10x_it.o(.text)
    HardFault_Handler                        0x08000203   Thumb Code     4  stm32f10x_it.o(.text)
    EXTI2_IRQHandler                         0x08000207   Thumb Code    76  stm32f10x_it.o(.text)
    USART1_IRQHandler                        0x08000253   Thumb Code    58  stm32f10x_it.o(.text)
    USART2_IRQHandler                        0x0800028d   Thumb Code    86  stm32f10x_it.o(.text)
    TIM3_IRQHandler                          0x080002e3   Thumb Code    12  stm32f10x_it.o(.text)
    MemManage_Handler                        0x080002ef   Thumb Code     4  stm32f10x_it.o(.text)
    BusFault_Handler                         0x080002f3   Thumb Code     4  stm32f10x_it.o(.text)
    UsageFault_Handler                       0x080002f7   Thumb Code     4  stm32f10x_it.o(.text)
    SVC_Handler                              0x080002fb   Thumb Code     2  stm32f10x_it.o(.text)
    DebugMon_Handler                         0x080002fd   Thumb Code     2  stm32f10x_it.o(.text)
    PendSV_Handler                           0x080002ff   Thumb Code     2  stm32f10x_it.o(.text)
    SysTick_Handler                          0x08000301   Thumb Code     2  stm32f10x_it.o(.text)
    SystemInit                               0x080003ed   Thumb Code    78  system_stm32f10x.o(.text)
    SystemCoreClockUpdate                    0x0800043b   Thumb Code   142  system_stm32f10x.o(.text)
    Reset_Handler                            0x080004ed   Thumb Code     8  startup_stm32f10x_hd.o(.text)
    ADC1_2_IRQHandler                        0x08000507   Thumb Code     0  startup_stm32f10x_hd.o(.text)
    ADC3_IRQHandler                          0x08000507   Thumb Code     0  startup_stm32f10x_hd.o(.text)
    CAN1_RX1_IRQHandler                      0x08000507   Thumb Code     0  startup_stm32f10x_hd.o(.text)
    CAN1_SCE_IRQHandler                      0x08000507   Thumb Code     0  startup_stm32f10x_hd.o(.text)
    DMA1_Channel1_IRQHandler                 0x08000507   Thumb Code     0  startup_stm32f10x_hd.o(.text)
    DMA1_Channel2_IRQHandler                 0x08000507   Thumb Code     0  startup_stm32f10x_hd.o(.text)
    DMA1_Channel3_IRQHandler                 0x08000507   Thumb Code     0  startup_stm32f10x_hd.o(.text)
    DMA1_Channel4_IRQHandler                 0x08000507   Thumb Code     0  startup_stm32f10x_hd.o(.text)
    DMA1_Channel5_IRQHandler                 0x08000507   Thumb Code     0  startup_stm32f10x_hd.o(.text)
    DMA1_Channel6_IRQHandler                 0x08000507   Thumb Code     0  startup_stm32f10x_hd.o(.text)
    DMA1_Channel7_IRQHandler                 0x08000507   Thumb Code     0  startup_stm32f10x_hd.o(.text)
    DMA2_Channel1_IRQHandler                 0x08000507   Thumb Code     0  startup_stm32f10x_hd.o(.text)
    DMA2_Channel2_IRQHandler                 0x08000507   Thumb Code     0  startup_stm32f10x_hd.o(.text)
    DMA2_Channel3_IRQHandler                 0x08000507   Thumb Code     0  startup_stm32f10x_hd.o(.text)
    DMA2_Channel4_5_IRQHandler               0x08000507   Thumb Code     0  startup_stm32f10x_hd.o(.text)
    EXTI0_IRQHandler                         0x08000507   Thumb Code     0  startup_stm32f10x_hd.o(.text)
    EXTI15_10_IRQHandler                     0x08000507   Thumb Code     0  startup_stm32f10x_hd.o(.text)
    EXTI1_IRQHandler                         0x08000507   Thumb Code     0  startup_stm32f10x_hd.o(.text)
    EXTI3_IRQHandler                         0x08000507   Thumb Code     0  startup_stm32f10x_hd.o(.text)
    EXTI4_IRQHandler                         0x08000507   Thumb Code     0  startup_stm32f10x_hd.o(.text)
    EXTI9_5_IRQHandler                       0x08000507   Thumb Code     0  startup_stm32f10x_hd.o(.text)
    FLASH_IRQHandler                         0x08000507   Thumb Code     0  startup_stm32f10x_hd.o(.text)
    FSMC_IRQHandler                          0x08000507   Thumb Code     0  startup_stm32f10x_hd.o(.text)
    I2C1_ER_IRQHandler                       0x08000507   Thumb Code     0  startup_stm32f10x_hd.o(.text)
    I2C1_EV_IRQHandler                       0x08000507   Thumb Code     0  startup_stm32f10x_hd.o(.text)
    I2C2_ER_IRQHandler                       0x08000507   Thumb Code     0  startup_stm32f10x_hd.o(.text)
    I2C2_EV_IRQHandler                       0x08000507   Thumb Code     0  startup_stm32f10x_hd.o(.text)
    PVD_IRQHandler                           0x08000507   Thumb Code     0  startup_stm32f10x_hd.o(.text)
    RCC_IRQHandler                           0x08000507   Thumb Code     0  startup_stm32f10x_hd.o(.text)
    RTCAlarm_IRQHandler                      0x08000507   Thumb Code     0  startup_stm32f10x_hd.o(.text)
    RTC_IRQHandler                           0x08000507   Thumb Code     0  startup_stm32f10x_hd.o(.text)
    SDIO_IRQHandler                          0x08000507   Thumb Code     0  startup_stm32f10x_hd.o(.text)
    SPI1_IRQHandler                          0x08000507   Thumb Code     0  startup_stm32f10x_hd.o(.text)
    SPI2_IRQHandler                          0x08000507   Thumb Code     0  startup_stm32f10x_hd.o(.text)
    SPI3_IRQHandler                          0x08000507   Thumb Code     0  startup_stm32f10x_hd.o(.text)
    TAMPER_IRQHandler                        0x08000507   Thumb Code     0  startup_stm32f10x_hd.o(.text)
    TIM1_BRK_IRQHandler                      0x08000507   Thumb Code     0  startup_stm32f10x_hd.o(.text)
    TIM1_CC_IRQHandler                       0x08000507   Thumb Code     0  startup_stm32f10x_hd.o(.text)
    TIM1_TRG_COM_IRQHandler                  0x08000507   Thumb Code     0  startup_stm32f10x_hd.o(.text)
    TIM1_UP_IRQHandler                       0x08000507   Thumb Code     0  startup_stm32f10x_hd.o(.text)
    TIM2_IRQHandler                          0x08000507   Thumb Code     0  startup_stm32f10x_hd.o(.text)
    TIM4_IRQHandler                          0x08000507   Thumb Code     0  startup_stm32f10x_hd.o(.text)
    TIM5_IRQHandler                          0x08000507   Thumb Code     0  startup_stm32f10x_hd.o(.text)
    TIM6_IRQHandler                          0x08000507   Thumb Code     0  startup_stm32f10x_hd.o(.text)
    TIM7_IRQHandler                          0x08000507   Thumb Code     0  startup_stm32f10x_hd.o(.text)
    TIM8_BRK_IRQHandler                      0x08000507   Thumb Code     0  startup_stm32f10x_hd.o(.text)
    TIM8_CC_IRQHandler                       0x08000507   Thumb Code     0  startup_stm32f10x_hd.o(.text)
    TIM8_TRG_COM_IRQHandler                  0x08000507   Thumb Code     0  startup_stm32f10x_hd.o(.text)
    TIM8_UP_IRQHandler                       0x08000507   Thumb Code     0  startup_stm32f10x_hd.o(.text)
    UART4_IRQHandler                         0x08000507   Thumb Code     0  startup_stm32f10x_hd.o(.text)
    UART5_IRQHandler                         0x08000507   Thumb Code     0  startup_stm32f10x_hd.o(.text)
    USART3_IRQHandler                        0x08000507   Thumb Code     0  startup_stm32f10x_hd.o(.text)
    USBWakeUp_IRQHandler                     0x08000507   Thumb Code     0  startup_stm32f10x_hd.o(.text)
    USB_HP_CAN1_TX_IRQHandler                0x08000507   Thumb Code     0  startup_stm32f10x_hd.o(.text)
    USB_LP_CAN1_RX0_IRQHandler               0x08000507   Thumb Code     0  startup_stm32f10x_hd.o(.text)
    WWDG_IRQHandler                          0x08000507   Thumb Code     0  startup_stm32f10x_hd.o(.text)
    GPIO_DeInit                              0x08000511   Thumb Code   172  stm32f10x_gpio.o(.text)
    GPIO_AFIODeInit                          0x080005bd   Thumb Code    20  stm32f10x_gpio.o(.text)
    GPIO_Init                                0x080005d1   Thumb Code   274  stm32f10x_gpio.o(.text)
    GPIO_StructInit                          0x080006e3   Thumb Code    16  stm32f10x_gpio.o(.text)
    GPIO_ReadInputDataBit                    0x080006f3   Thumb Code    18  stm32f10x_gpio.o(.text)
    GPIO_ReadInputData                       0x08000705   Thumb Code     8  stm32f10x_gpio.o(.text)
    GPIO_ReadOutputDataBit                   0x0800070d   Thumb Code    18  stm32f10x_gpio.o(.text)
    GPIO_ReadOutputData                      0x0800071f   Thumb Code     8  stm32f10x_gpio.o(.text)
    GPIO_SetBits                             0x08000727   Thumb Code     4  stm32f10x_gpio.o(.text)
    GPIO_ResetBits                           0x0800072b   Thumb Code     4  stm32f10x_gpio.o(.text)
    GPIO_WriteBit                            0x0800072f   Thumb Code    10  stm32f10x_gpio.o(.text)
    GPIO_Write                               0x08000739   Thumb Code     4  stm32f10x_gpio.o(.text)
    GPIO_PinLockConfig                       0x0800073d   Thumb Code    18  stm32f10x_gpio.o(.text)
    GPIO_EventOutputConfig                   0x0800074f   Thumb Code    26  stm32f10x_gpio.o(.text)
    GPIO_EventOutputCmd                      0x08000769   Thumb Code     6  stm32f10x_gpio.o(.text)
    GPIO_PinRemapConfig                      0x0800076f   Thumb Code   138  stm32f10x_gpio.o(.text)
    GPIO_EXTILineConfig                      0x080007f9   Thumb Code    66  stm32f10x_gpio.o(.text)
    GPIO_ETH_MediaInterfaceConfig            0x0800083b   Thumb Code     6  stm32f10x_gpio.o(.text)
    RCC_DeInit                               0x08000869   Thumb Code    64  stm32f10x_rcc.o(.text)
    RCC_HSEConfig                            0x080008a9   Thumb Code    70  stm32f10x_rcc.o(.text)
    RCC_GetFlagStatus                        0x080008ef   Thumb Code    56  stm32f10x_rcc.o(.text)
    RCC_WaitForHSEStartUp                    0x08000927   Thumb Code    48  stm32f10x_rcc.o(.text)
    RCC_AdjustHSICalibrationValue            0x08000957   Thumb Code    20  stm32f10x_rcc.o(.text)
    RCC_HSICmd                               0x0800096b   Thumb Code     6  stm32f10x_rcc.o(.text)
    RCC_PLLConfig                            0x08000971   Thumb Code    24  stm32f10x_rcc.o(.text)
    RCC_PLLCmd                               0x08000989   Thumb Code     6  stm32f10x_rcc.o(.text)
    RCC_SYSCLKConfig                         0x0800098f   Thumb Code    18  stm32f10x_rcc.o(.text)
    RCC_GetSYSCLKSource                      0x080009a1   Thumb Code    10  stm32f10x_rcc.o(.text)
    RCC_HCLKConfig                           0x080009ab   Thumb Code    18  stm32f10x_rcc.o(.text)
    RCC_PCLK1Config                          0x080009bd   Thumb Code    18  stm32f10x_rcc.o(.text)
    RCC_PCLK2Config                          0x080009cf   Thumb Code    20  stm32f10x_rcc.o(.text)
    RCC_ITConfig                             0x080009e3   Thumb Code    30  stm32f10x_rcc.o(.text)
    RCC_USBCLKConfig                         0x08000a01   Thumb Code     6  stm32f10x_rcc.o(.text)
    RCC_ADCCLKConfig                         0x08000a07   Thumb Code    18  stm32f10x_rcc.o(.text)
    RCC_LSEConfig                            0x08000a19   Thumb Code    44  stm32f10x_rcc.o(.text)
    RCC_LSICmd                               0x08000a45   Thumb Code     6  stm32f10x_rcc.o(.text)
    RCC_RTCCLKConfig                         0x08000a4b   Thumb Code    12  stm32f10x_rcc.o(.text)
    RCC_RTCCLKCmd                            0x08000a57   Thumb Code     6  stm32f10x_rcc.o(.text)
    RCC_GetClocksFreq                        0x08000a5d   Thumb Code   192  stm32f10x_rcc.o(.text)
    RCC_AHBPeriphClockCmd                    0x08000b1d   Thumb Code    26  stm32f10x_rcc.o(.text)
    RCC_APB2PeriphClockCmd                   0x08000b37   Thumb Code    26  stm32f10x_rcc.o(.text)
    RCC_APB1PeriphClockCmd                   0x08000b51   Thumb Code    26  stm32f10x_rcc.o(.text)
    RCC_APB2PeriphResetCmd                   0x08000b6b   Thumb Code    26  stm32f10x_rcc.o(.text)
    RCC_APB1PeriphResetCmd                   0x08000b85   Thumb Code    26  stm32f10x_rcc.o(.text)
    RCC_BackupResetCmd                       0x08000b9f   Thumb Code     6  stm32f10x_rcc.o(.text)
    RCC_ClockSecuritySystemCmd               0x08000ba5   Thumb Code     6  stm32f10x_rcc.o(.text)
    RCC_MCOConfig                            0x08000bab   Thumb Code     6  stm32f10x_rcc.o(.text)
    RCC_ClearFlag                            0x08000bb1   Thumb Code    14  stm32f10x_rcc.o(.text)
    RCC_GetITStatus                          0x08000bbf   Thumb Code    20  stm32f10x_rcc.o(.text)
    RCC_ClearITPendingBit                    0x08000bd3   Thumb Code     6  stm32f10x_rcc.o(.text)
    USART_DeInit                             0x08000c0d   Thumb Code   134  stm32f10x_usart.o(.text)
    USART_Init                               0x08000c93   Thumb Code   210  stm32f10x_usart.o(.text)
    USART_StructInit                         0x08000d65   Thumb Code    24  stm32f10x_usart.o(.text)
    USART_ClockInit                          0x08000d7d   Thumb Code    34  stm32f10x_usart.o(.text)
    USART_ClockStructInit                    0x08000d9f   Thumb Code    12  stm32f10x_usart.o(.text)
    USART_Cmd                                0x08000dab   Thumb Code    24  stm32f10x_usart.o(.text)
    USART_ITConfig                           0x08000dc3   Thumb Code    74  stm32f10x_usart.o(.text)
    USART_DMACmd                             0x08000e0d   Thumb Code    24  stm32f10x_usart.o(.text)
    USART_SetAddress                         0x08000e25   Thumb Code    18  stm32f10x_usart.o(.text)
    USART_WakeUpConfig                       0x08000e37   Thumb Code    18  stm32f10x_usart.o(.text)
    USART_ReceiverWakeUpCmd                  0x08000e49   Thumb Code    24  stm32f10x_usart.o(.text)
    USART_LINBreakDetectLengthConfig         0x08000e61   Thumb Code    18  stm32f10x_usart.o(.text)
    USART_LINCmd                             0x08000e73   Thumb Code    24  stm32f10x_usart.o(.text)
    USART_SendData                           0x08000e8b   Thumb Code     8  stm32f10x_usart.o(.text)
    USART_ReceiveData                        0x08000e93   Thumb Code    10  stm32f10x_usart.o(.text)
    USART_SendBreak                          0x08000e9d   Thumb Code    10  stm32f10x_usart.o(.text)
    USART_SetGuardTime                       0x08000ea7   Thumb Code    16  stm32f10x_usart.o(.text)
    USART_SetPrescaler                       0x08000eb7   Thumb Code    16  stm32f10x_usart.o(.text)
    USART_SmartCardCmd                       0x08000ec7   Thumb Code    24  stm32f10x_usart.o(.text)
    USART_SmartCardNACKCmd                   0x08000edf   Thumb Code    24  stm32f10x_usart.o(.text)
    USART_HalfDuplexCmd                      0x08000ef7   Thumb Code    24  stm32f10x_usart.o(.text)
    USART_OverSampling8Cmd                   0x08000f0f   Thumb Code    22  stm32f10x_usart.o(.text)
    USART_OneBitMethodCmd                    0x08000f25   Thumb Code    24  stm32f10x_usart.o(.text)
    USART_IrDAConfig                         0x08000f3d   Thumb Code    18  stm32f10x_usart.o(.text)
    USART_IrDACmd                            0x08000f4f   Thumb Code    24  stm32f10x_usart.o(.text)
    USART_GetFlagStatus                      0x08000f67   Thumb Code    26  stm32f10x_usart.o(.text)
    USART_ClearFlag                          0x08000f81   Thumb Code    18  stm32f10x_usart.o(.text)
    USART_GetITStatus                        0x08000f93   Thumb Code    84  stm32f10x_usart.o(.text)
    USART_ClearITPendingBit                  0x08000fe7   Thumb Code    50  stm32f10x_usart.o(.text)
    NVIC_PriorityGroupConfig                 0x08001019   Thumb Code    10  misc.o(.text)
    NVIC_Init                                0x08001023   Thumb Code   118  misc.o(.text)
    NVIC_SetVectorTable                      0x08001099   Thumb Code    12  misc.o(.text)
    NVIC_SystemLPConfig                      0x080010a5   Thumb Code    38  misc.o(.text)
    SysTick_CLKSourceConfig                  0x080010cb   Thumb Code    40  misc.o(.text)
    EXTI_DeInit                              0x08001111   Thumb Code    30  stm32f10x_exti.o(.text)
    EXTI_Init                                0x0800112f   Thumb Code   160  stm32f10x_exti.o(.text)
    EXTI_StructInit                          0x080011cf   Thumb Code    16  stm32f10x_exti.o(.text)
    EXTI_GenerateSWInterrupt                 0x080011df   Thumb Code    16  stm32f10x_exti.o(.text)
    EXTI_GetFlagStatus                       0x080011ef   Thumb Code    20  stm32f10x_exti.o(.text)
    EXTI_ClearFlag                           0x08001203   Thumb Code     6  stm32f10x_exti.o(.text)
    EXTI_GetITStatus                         0x08001209   Thumb Code    34  stm32f10x_exti.o(.text)
    EXTI_ClearITPendingBit                   0x0800122b   Thumb Code     6  stm32f10x_exti.o(.text)
    TIM_DeInit                               0x0800124d   Thumb Code   424  stm32f10x_tim.o(.text)
    TIM_TimeBaseInit                         0x080013f5   Thumb Code   122  stm32f10x_tim.o(.text)
    TIM_OC1Init                              0x0800146f   Thumb Code   132  stm32f10x_tim.o(.text)
    TIM_OC2Init                              0x080014f3   Thumb Code   146  stm32f10x_tim.o(.text)
    TIM_OC3Init                              0x08001585   Thumb Code   142  stm32f10x_tim.o(.text)
    TIM_OC4Init                              0x08001613   Thumb Code   172  stm32f10x_tim.o(.text)
    TIM_SetIC4Prescaler                      0x080016bf   Thumb Code    22  stm32f10x_tim.o(.text)
    TIM_SetIC3Prescaler                      0x0800174b   Thumb Code    18  stm32f10x_tim.o(.text)
    TIM_SetIC2Prescaler                      0x080017cf   Thumb Code    22  stm32f10x_tim.o(.text)
    TIM_SetIC1Prescaler                      0x0800185b   Thumb Code    18  stm32f10x_tim.o(.text)
    TIM_ICInit                               0x080018d7   Thumb Code   150  stm32f10x_tim.o(.text)
    TIM_PWMIConfig                           0x0800196d   Thumb Code   124  stm32f10x_tim.o(.text)
    TIM_BDTRConfig                           0x080019e9   Thumb Code    32  stm32f10x_tim.o(.text)
    TIM_TimeBaseStructInit                   0x08001a09   Thumb Code    18  stm32f10x_tim.o(.text)
    TIM_OCStructInit                         0x08001a1b   Thumb Code    20  stm32f10x_tim.o(.text)
    TIM_ICStructInit                         0x08001a2f   Thumb Code    18  stm32f10x_tim.o(.text)
    TIM_BDTRStructInit                       0x08001a41   Thumb Code    18  stm32f10x_tim.o(.text)
    TIM_Cmd                                  0x08001a53   Thumb Code    24  stm32f10x_tim.o(.text)
    TIM_CtrlPWMOutputs                       0x08001a6b   Thumb Code    52  stm32f10x_tim.o(.text)
    TIM_ITConfig                             0x08001a9f   Thumb Code    24  stm32f10x_tim.o(.text)
    TIM_GenerateEvent                        0x08001ab7   Thumb Code     4  stm32f10x_tim.o(.text)
    TIM_DMAConfig                            0x08001abb   Thumb Code    10  stm32f10x_tim.o(.text)
    TIM_DMACmd                               0x08001ac5   Thumb Code    24  stm32f10x_tim.o(.text)
    TIM_InternalClockConfig                  0x08001add   Thumb Code    12  stm32f10x_tim.o(.text)
    TIM_SelectInputTrigger                   0x08001ae9   Thumb Code    18  stm32f10x_tim.o(.text)
    TIM_ITRxExternalClockConfig              0x08001afb   Thumb Code    24  stm32f10x_tim.o(.text)
    TIM_TIxExternalClockConfig               0x08001b13   Thumb Code    62  stm32f10x_tim.o(.text)
    TIM_ETRConfig                            0x08001b51   Thumb Code    24  stm32f10x_tim.o(.text)
    TIM_ETRClockMode1Config                  0x08001b69   Thumb Code    54  stm32f10x_tim.o(.text)
    TIM_ETRClockMode2Config                  0x08001b9f   Thumb Code    32  stm32f10x_tim.o(.text)
    TIM_PrescalerConfig                      0x08001bbf   Thumb Code     6  stm32f10x_tim.o(.text)
    TIM_CounterModeConfig                    0x08001bc5   Thumb Code    18  stm32f10x_tim.o(.text)
    TIM_EncoderInterfaceConfig               0x08001bd7   Thumb Code    62  stm32f10x_tim.o(.text)
    TIM_ForcedOC1Config                      0x08001c15   Thumb Code    18  stm32f10x_tim.o(.text)
    TIM_ForcedOC2Config                      0x08001c27   Thumb Code    22  stm32f10x_tim.o(.text)
    TIM_ForcedOC3Config                      0x08001c3d   Thumb Code    18  stm32f10x_tim.o(.text)
    TIM_ForcedOC4Config                      0x08001c4f   Thumb Code    22  stm32f10x_tim.o(.text)
    TIM_ARRPreloadConfig                     0x08001c65   Thumb Code    24  stm32f10x_tim.o(.text)
    TIM_SelectCOM                            0x08001c7d   Thumb Code    24  stm32f10x_tim.o(.text)
    TIM_SelectCCDMA                          0x08001c95   Thumb Code    24  stm32f10x_tim.o(.text)
    TIM_CCPreloadControl                     0x08001cad   Thumb Code    24  stm32f10x_tim.o(.text)
    TIM_OC1PreloadConfig                     0x08001cc5   Thumb Code    18  stm32f10x_tim.o(.text)
    TIM_OC2PreloadConfig                     0x08001cd7   Thumb Code    22  stm32f10x_tim.o(.text)
    TIM_OC3PreloadConfig                     0x08001ced   Thumb Code    18  stm32f10x_tim.o(.text)
    TIM_OC4PreloadConfig                     0x08001cff   Thumb Code    22  stm32f10x_tim.o(.text)
    TIM_OC1FastConfig                        0x08001d15   Thumb Code    18  stm32f10x_tim.o(.text)
    TIM_OC2FastConfig                        0x08001d27   Thumb Code    22  stm32f10x_tim.o(.text)
    TIM_OC3FastConfig                        0x08001d3d   Thumb Code    18  stm32f10x_tim.o(.text)
    TIM_OC4FastConfig                        0x08001d4f   Thumb Code    22  stm32f10x_tim.o(.text)
    TIM_ClearOC1Ref                          0x08001d65   Thumb Code    18  stm32f10x_tim.o(.text)
    TIM_ClearOC2Ref                          0x08001d77   Thumb Code    20  stm32f10x_tim.o(.text)
    TIM_ClearOC3Ref                          0x08001d8b   Thumb Code    18  stm32f10x_tim.o(.text)
    TIM_ClearOC4Ref                          0x08001d9d   Thumb Code    20  stm32f10x_tim.o(.text)
    TIM_OC1PolarityConfig                    0x08001db1   Thumb Code    18  stm32f10x_tim.o(.text)
    TIM_OC1NPolarityConfig                   0x08001dc3   Thumb Code    18  stm32f10x_tim.o(.text)
    TIM_OC2PolarityConfig                    0x08001dd5   Thumb Code    22  stm32f10x_tim.o(.text)
    TIM_OC2NPolarityConfig                   0x08001deb   Thumb Code    22  stm32f10x_tim.o(.text)
    TIM_OC3PolarityConfig                    0x08001e01   Thumb Code    22  stm32f10x_tim.o(.text)
    TIM_OC3NPolarityConfig                   0x08001e17   Thumb Code    22  stm32f10x_tim.o(.text)
    TIM_OC4PolarityConfig                    0x08001e2d   Thumb Code    22  stm32f10x_tim.o(.text)
    TIM_CCxCmd                               0x08001e43   Thumb Code    34  stm32f10x_tim.o(.text)
    TIM_CCxNCmd                              0x08001e65   Thumb Code    34  stm32f10x_tim.o(.text)
    TIM_SelectOCxM                           0x08001e87   Thumb Code    82  stm32f10x_tim.o(.text)
    TIM_UpdateDisableConfig                  0x08001ed9   Thumb Code    24  stm32f10x_tim.o(.text)
    TIM_UpdateRequestConfig                  0x08001ef1   Thumb Code    24  stm32f10x_tim.o(.text)
    TIM_SelectHallSensor                     0x08001f09   Thumb Code    24  stm32f10x_tim.o(.text)
    TIM_SelectOnePulseMode                   0x08001f21   Thumb Code    18  stm32f10x_tim.o(.text)
    TIM_SelectOutputTrigger                  0x08001f33   Thumb Code    18  stm32f10x_tim.o(.text)
    TIM_SelectSlaveMode                      0x08001f45   Thumb Code    18  stm32f10x_tim.o(.text)
    TIM_SelectMasterSlaveMode                0x08001f57   Thumb Code    18  stm32f10x_tim.o(.text)
    TIM_SetCounter                           0x08001f69   Thumb Code     4  stm32f10x_tim.o(.text)
    TIM_SetAutoreload                        0x08001f6d   Thumb Code     4  stm32f10x_tim.o(.text)
    TIM_SetCompare1                          0x08001f71   Thumb Code     4  stm32f10x_tim.o(.text)
    TIM_SetCompare2                          0x08001f75   Thumb Code     4  stm32f10x_tim.o(.text)
    TIM_SetCompare3                          0x08001f79   Thumb Code     4  stm32f10x_tim.o(.text)
    TIM_SetCompare4                          0x08001f7d   Thumb Code     6  stm32f10x_tim.o(.text)
    TIM_SetClockDivision                     0x08001f83   Thumb Code    18  stm32f10x_tim.o(.text)
    TIM_GetCapture1                          0x08001f95   Thumb Code     6  stm32f10x_tim.o(.text)
    TIM_GetCapture2                          0x08001f9b   Thumb Code     6  stm32f10x_tim.o(.text)
    TIM_GetCapture3                          0x08001fa1   Thumb Code     6  stm32f10x_tim.o(.text)
    TIM_GetCapture4                          0x08001fa7   Thumb Code     8  stm32f10x_tim.o(.text)
    TIM_GetCounter                           0x08001faf   Thumb Code     6  stm32f10x_tim.o(.text)
    TIM_GetPrescaler                         0x08001fb5   Thumb Code     6  stm32f10x_tim.o(.text)
    TIM_GetFlagStatus                        0x08001fbb   Thumb Code    18  stm32f10x_tim.o(.text)
    TIM_ClearFlag                            0x08001fcd   Thumb Code     6  stm32f10x_tim.o(.text)
    TIM_GetITStatus                          0x08001fd3   Thumb Code    34  stm32f10x_tim.o(.text)
    TIM_ClearITPendingBit                    0x08001ff5   Thumb Code     6  stm32f10x_tim.o(.text)
    delay_us                                 0x08001ffb   Thumb Code    52  systick.o(.text)
    delay_ms                                 0x0800202f   Thumb Code    54  systick.o(.text)
    temp_init                                0x08002065   Thumb Code    38  temp.o(.text)
    TEMPININT                                0x0800208b   Thumb Code    30  temp.o(.text)
    TEMPOUTINT                               0x080020a9   Thumb Code    30  temp.o(.text)
    tempinit                                 0x080020c7   Thumb Code    82  temp.o(.text)
    temprd                                   0x08002119   Thumb Code    98  temp.o(.text)
    fputc                                    0x08002181   Thumb Code    32  sdrcv.o(.text)
    printf_init                              0x080021a1   Thumb Code   206  sdrcv.o(.text)
    __aeabi_uidiv                            0x0800227d   Thumb Code     0  uidiv.o(.text)
    __aeabi_uidivmod                         0x0800227d   Thumb Code    44  uidiv.o(.text)
    __scatterload                            0x080022a9   Thumb Code    28  init.o(.text)
    __scatterload_rt2                        0x080022a9   Thumb Code     0  init.o(.text)
    __0printf$1                              0x080022cd   Thumb Code    22  printf1.o(i.__0printf$1)
    __1printf$1                              0x080022cd   Thumb Code     0  printf1.o(i.__0printf$1)
    __2printf                                0x080022cd   Thumb Code     0  printf1.o(i.__0printf$1)
    __scatterload_copy                       0x080022ed   Thumb Code    14  handlers.o(i.__scatterload_copy)
    __scatterload_null                       0x080022fb   Thumb Code     2  handlers.o(i.__scatterload_null)
    __scatterload_zeroinit                   0x080022fd   Thumb Code    14  handlers.o(i.__scatterload_zeroinit)
    Region$$Table$$Base                      0x08002460   Number         0  anon$$obj.o(Region$$Table)
    Region$$Table$$Limit                     0x08002480   Number         0  anon$$obj.o(Region$$Table)
    SystemCoreClock                          0x20000004   Data           4  system_stm32f10x.o(.data)
    AHBPrescTable                            0x20000008   Data          16  system_stm32f10x.o(.data)
    __stdout                                 0x2000002c   Data           4  stdout.o(.data)
    __initial_sp                             0x20000430   Data           0  startup_stm32f10x_hd.o(STACK)



==============================================================================

Memory Map of the image

  Image Entry point : 0x08000131

  Load Region LR_IROM1 (Base: 0x08000000, Size: 0x000024b0, Max: 0x00080000, ABSOLUTE)

    Execution Region ER_IROM1 (Base: 0x08000000, Size: 0x00002480, Max: 0x00080000, ABSOLUTE)

    Base Addr    Size         Type   Attr      Idx    E Section Name        Object

    0x08000000   0x00000130   Data   RO          192    RESET               startup_stm32f10x_hd.o
    0x08000130   0x00000000   Code   RO          505  * .ARM.Collect$$$$00000000  mc_w.l(entry.o)(mc_w.l)
    0x08000130   0x00000004   Code   RO          773    .ARM.Collect$$$$00000001  mc_w.l(entry2.o)(mc_w.l)
    0x08000134   0x00000004   Code   RO          776    .ARM.Collect$$$$00000004  mc_w.l(entry5.o)(mc_w.l)
    0x08000138   0x00000008   Code   RO          777    .ARM.Collect$$$$00000007  mc_w.l(entry7.o)(mc_w.l)
    0x08000140   0x00000004   Code   RO          774    .ARM.Collect$$$$00002712  mc_w.l(entry2.o)(mc_w.l)
    0x08000144   0x000000bc   Code   RO            1    .text               main.o
    0x08000200   0x00000124   Code   RO          117    .text               stm32f10x_it.o
    0x08000324   0x000001c8   Code   RO          153    .text               system_stm32f10x.o
    0x080004ec   0x00000024   Code   RO          193    .text               startup_stm32f10x_hd.o
    0x08000510   0x00000358   Code   RO          197    .text               stm32f10x_gpio.o
    0x08000868   0x000003a4   Code   RO          209    .text               stm32f10x_rcc.o
    0x08000c0c   0x0000040c   Code   RO          223    .text               stm32f10x_usart.o
    0x08001018   0x000000f8   Code   RO          235    .text               misc.o
    0x08001110   0x0000013c   Code   RO          247    .text               stm32f10x_exti.o
    0x0800124c   0x00000dae   Code   RO          259    .text               stm32f10x_tim.o
    0x08001ffa   0x0000006a   Code   RO          286    .text               systick.o
    0x08002064   0x0000011c   Code   RO          475    .text               temp.o
    0x08002180   0x000000fc   Code   RO          490    .text               sdrcv.o
    0x0800227c   0x0000002c   Code   RO          779    .text               mc_w.l(uidiv.o)(mc_w.l)
    0x080022a8   0x00000024   Code   RO          794    .text               mc_w.l(init.o)(mc_w.l)
    0x080022cc   0x00000020   Code   RO          553    i.__0printf$1       mc_w.l(printf1.o)(mc_w.l)
    0x080022ec   0x0000000e   Code   RO          804    i.__scatterload_copy  mc_w.l(handlers.o)(mc_w.l)
    0x080022fa   0x00000002   Code   RO          805    i.__scatterload_null  mc_w.l(handlers.o)(mc_w.l)
    0x080022fc   0x0000000e   Code   RO          806    i.__scatterload_zeroinit  mc_w.l(handlers.o)(mc_w.l)
    0x0800230a   0x00000002   PAD
    0x0800230c   0x00000154   Code   RO          560    i._printf_core      mc_w.l(printf1.o)(mc_w.l)
    0x08002460   0x00000020   Data   RO          802    Region$$Table       anon$$obj.o


    Execution Region RW_IRAM1 (Base: 0x20000000, Size: 0x00000430, Max: 0x00010000, ABSOLUTE)

    Base Addr    Size         Type   Attr      Idx    E Section Name        Object

    0x20000000   0x00000002   Data   RW          118    .data               stm32f10x_it.o
    0x20000002   0x00000002   PAD
    0x20000004   0x00000014   Data   RW          154    .data               system_stm32f10x.o
    0x20000018   0x00000014   Data   RW          210    .data               stm32f10x_rcc.o
    0x2000002c   0x00000004   Data   RW          778    .data               mc_w.l(stdout.o)(mc_w.l)
    0x20000030   0x00000400   Zero   RW          190    STACK               startup_stm32f10x_hd.o


==============================================================================

Image component sizes


      Code (inc. data)   RO Data    RW Data    ZI Data      Debug   Object Name

         0          0          0          0          0          0   core_cm3.o
       188         86          0          0          0          0   main.o
       248         30          0          0          0          0   misc.o
       252         14          0          0          0          0   sdrcv.o
        36          8        304          0       1024          0   startup_stm32f10x_hd.o
       316         28          0          0          0          0   stm32f10x_exti.o
       856         40          0          0          0          0   stm32f10x_gpio.o
       292         34          0          2          0          0   stm32f10x_it.o
       932         52          0         20          0          0   stm32f10x_rcc.o
      3502         86          0          0          0          0   stm32f10x_tim.o
      1036         20          0          0          0          0   stm32f10x_usart.o
       456         36          0         20          0          0   system_stm32f10x.o
       106          0          0          0          0          0   systick.o
       284          6          0          0          0          0   temp.o

    ----------------------------------------------------------------------
      8504        440        336         44       1024          0   Object Totals
         0          0         32          0          0          0   (incl. Generated)
         0          0          0          2          0          1   (incl. Padding)

    ----------------------------------------------------------------------

      Code (inc. data)   RO Data    RW Data    ZI Data      Debug   Library Member Name

         0          0          0          0          0          0   entry.o
         8          4          0          0          0          0   entry2.o
         4          0          0          0          0          0   entry5.o
         8          4          0          0          0          0   entry7.o
        30          0          0          0          0          0   handlers.o
        36          8          0          0          0          0   init.o
       372         16          0          0          0          0   printf1.o
         0          0          0          4          0          0   stdout.o
        44          0          0          0          0          0   uidiv.o

    ----------------------------------------------------------------------
       504         32          0          4          0          0   Library Totals
         2          0          0          0          0          0   (incl. Padding)

    ----------------------------------------------------------------------

      Code (inc. data)   RO Data    RW Data    ZI Data      Debug   Library Name

       502         32          0          4          0        328   mc_w.l

    ----------------------------------------------------------------------
       504         32          0          4          0          0   Library Totals

    ----------------------------------------------------------------------

==============================================================================


      Code (inc. data)   RO Data    RW Data    ZI Data      Debug   

      9008        472        336         48       1024     312972   Grand Totals
      9008        472        336         48       1024     312972   ELF Image Totals
      9008        472        336         48          0          0   ROM Totals

==============================================================================

    Total RO  Size (Code + RO Data)                 9344 (   9.13kB)
    Total RW  Size (RW Data + ZI Data)              1072 (   1.05kB)
    Total ROM Size (Code + RO Data + RW Data)       9392 (   9.17kB)

==============================================================================

